20:45:38: [INFO] [C:\Users\Hasan\autonomy-bootcamp-2025-p2\modules\heartbeat\heartbeat_receiver_worker.py | heartbeat_receiver_worker | 47] Logger initialized
20:45:38: [INFO] [C:\Users\Hasan\autonomy-bootcamp-2025-p2\modules\heartbeat\heartbeat_receiver.py | __init__ | 45] heartbeat reciever initialized
20:45:38: [INFO] [C:\Users\Hasan\autonomy-bootcamp-2025-p2\modules\heartbeat\heartbeat_receiver_worker.py | heartbeat_receiver_worker | 58] receiver worker started: True
20:45:38: [INFO] [C:\Users\Hasan\autonomy-bootcamp-2025-p2\modules\heartbeat\heartbeat_receiver.py | run | 70] Current receiver status: Connected
20:45:39: [INFO] [C:\Users\Hasan\autonomy-bootcamp-2025-p2\modules\heartbeat\heartbeat_receiver.py | run | 70] Current receiver status: Connected
20:45:40: [INFO] [C:\Users\Hasan\autonomy-bootcamp-2025-p2\modules\heartbeat\heartbeat_receiver.py | run | 70] Current receiver status: Connected
20:45:41: [INFO] [C:\Users\Hasan\autonomy-bootcamp-2025-p2\modules\heartbeat\heartbeat_receiver.py | run | 70] Current receiver status: Connected
20:45:42: [INFO] [C:\Users\Hasan\autonomy-bootcamp-2025-p2\modules\heartbeat\heartbeat_receiver.py | run | 70] Current receiver status: Connected
20:45:43: [WARNING] [C:\Users\Hasan\autonomy-bootcamp-2025-p2\modules\heartbeat\heartbeat_receiver.py | run | 64] Missed heartbeat. 1 missed in a row.
20:45:43: [INFO] [C:\Users\Hasan\autonomy-bootcamp-2025-p2\modules\heartbeat\heartbeat_receiver.py | run | 70] Current receiver status: Connected
20:45:44: [WARNING] [C:\Users\Hasan\autonomy-bootcamp-2025-p2\modules\heartbeat\heartbeat_receiver.py | run | 64] Missed heartbeat. 2 missed in a row.
20:45:44: [INFO] [C:\Users\Hasan\autonomy-bootcamp-2025-p2\modules\heartbeat\heartbeat_receiver.py | run | 70] Current receiver status: Connected
20:45:45: [WARNING] [C:\Users\Hasan\autonomy-bootcamp-2025-p2\modules\heartbeat\heartbeat_receiver.py | run | 64] Missed heartbeat. 3 missed in a row.
20:45:45: [INFO] [C:\Users\Hasan\autonomy-bootcamp-2025-p2\modules\heartbeat\heartbeat_receiver.py | run | 70] Current receiver status: Connected
20:45:46: [WARNING] [C:\Users\Hasan\autonomy-bootcamp-2025-p2\modules\heartbeat\heartbeat_receiver.py | run | 64] Missed heartbeat. 4 missed in a row.
20:45:46: [INFO] [C:\Users\Hasan\autonomy-bootcamp-2025-p2\modules\heartbeat\heartbeat_receiver.py | run | 70] Current receiver status: Connected
20:45:47: [WARNING] [C:\Users\Hasan\autonomy-bootcamp-2025-p2\modules\heartbeat\heartbeat_receiver.py | run | 64] Missed heartbeat. 5 missed in a row.
20:45:47: [INFO] [C:\Users\Hasan\autonomy-bootcamp-2025-p2\modules\heartbeat\heartbeat_receiver.py | run | 70] Current receiver status: Disconnected
20:45:48: [WARNING] [C:\Users\Hasan\autonomy-bootcamp-2025-p2\modules\heartbeat\heartbeat_receiver.py | run | 64] Missed heartbeat. 6 missed in a row.
20:45:48: [INFO] [C:\Users\Hasan\autonomy-bootcamp-2025-p2\modules\heartbeat\heartbeat_receiver.py | run | 70] Current receiver status: Disconnected
20:45:49: [WARNING] [C:\Users\Hasan\autonomy-bootcamp-2025-p2\modules\heartbeat\heartbeat_receiver.py | run | 64] Missed heartbeat. 7 missed in a row.
20:45:49: [INFO] [C:\Users\Hasan\autonomy-bootcamp-2025-p2\modules\heartbeat\heartbeat_receiver.py | run | 70] Current receiver status: Disconnected
20:45:50: [WARNING] [C:\Users\Hasan\autonomy-bootcamp-2025-p2\modules\heartbeat\heartbeat_receiver.py | run | 64] Missed heartbeat. 8 missed in a row.
20:45:50: [INFO] [C:\Users\Hasan\autonomy-bootcamp-2025-p2\modules\heartbeat\heartbeat_receiver.py | run | 70] Current receiver status: Disconnected
20:45:51: [INFO] [C:\Users\Hasan\autonomy-bootcamp-2025-p2\modules\heartbeat\heartbeat_receiver.py | run | 70] Current receiver status: Connected
20:45:52: [INFO] [C:\Users\Hasan\autonomy-bootcamp-2025-p2\modules\heartbeat\heartbeat_receiver.py | run | 70] Current receiver status: Connected
20:45:53: [INFO] [C:\Users\Hasan\autonomy-bootcamp-2025-p2\modules\heartbeat\heartbeat_receiver.py | run | 70] Current receiver status: Connected
20:45:54: [INFO] [C:\Users\Hasan\autonomy-bootcamp-2025-p2\modules\heartbeat\heartbeat_receiver.py | run | 70] Current receiver status: Connected
20:45:55: [INFO] [C:\Users\Hasan\autonomy-bootcamp-2025-p2\modules\heartbeat\heartbeat_receiver.py | run | 70] Current receiver status: Connected
20:45:56: [WARNING] [C:\Users\Hasan\autonomy-bootcamp-2025-p2\modules\heartbeat\heartbeat_receiver.py | run | 64] Missed heartbeat. 1 missed in a row.
20:45:56: [INFO] [C:\Users\Hasan\autonomy-bootcamp-2025-p2\modules\heartbeat\heartbeat_receiver.py | run | 70] Current receiver status: Connected
20:45:57: [INFO] [C:\Users\Hasan\autonomy-bootcamp-2025-p2\modules\heartbeat\heartbeat_receiver.py | run | 70] Current receiver status: Connected
20:45:58: [INFO] [C:\Users\Hasan\autonomy-bootcamp-2025-p2\modules\heartbeat\heartbeat_receiver_worker.py | heartbeat_receiver_worker | 72] receiver worker stopped
